Archive member included to satisfy reference by file (symbol)

c:/program files (x86)/atmel/studio/7.0/toolchain/avr8/avr8-gnu-toolchain/bin/../lib/gcc/avr/5.4.0/avr5\libgcc.a(_divmodsi4.o)
                              HAL/LCD/LCD.o (__divmodsi4)
c:/program files (x86)/atmel/studio/7.0/toolchain/avr8/avr8-gnu-toolchain/bin/../lib/gcc/avr/5.4.0/avr5\libgcc.a(_negsi2.o)
                              c:/program files (x86)/atmel/studio/7.0/toolchain/avr8/avr8-gnu-toolchain/bin/../lib/gcc/avr/5.4.0/avr5\libgcc.a(_divmodsi4.o) (__negsi2)
c:/program files (x86)/atmel/studio/7.0/toolchain/avr8/avr8-gnu-toolchain/bin/../lib/gcc/avr/5.4.0/avr5\libgcc.a(_exit.o)
                              C:/Program Files (x86)/Atmel/Studio/7.0/Packs/atmel/ATmega_DFP/1.7.374/gcc/dev/atmega32/avr5/crtatmega32.o (exit)
c:/program files (x86)/atmel/studio/7.0/toolchain/avr8/avr8-gnu-toolchain/bin/../lib/gcc/avr/5.4.0/avr5\libgcc.a(_copy_data.o)
                              APP/IC_Tester.o (__do_copy_data)
c:/program files (x86)/atmel/studio/7.0/toolchain/avr8/avr8-gnu-toolchain/bin/../lib/gcc/avr/5.4.0/avr5\libgcc.a(_clear_bss.o)
                              main.o (__do_clear_bss)
c:/program files (x86)/atmel/studio/7.0/toolchain/avr8/avr8-gnu-toolchain/bin/../lib/gcc/avr/5.4.0/avr5\libgcc.a(_udivmodsi4.o)
                              c:/program files (x86)/atmel/studio/7.0/toolchain/avr8/avr8-gnu-toolchain/bin/../lib/gcc/avr/5.4.0/avr5\libgcc.a(_divmodsi4.o) (__udivmodsi4)

Allocating common symbols
Common symbol       size              file

s                   0x2               main.o
bt_flag             0x1               main.o

Discarded input sections

 .data          0x00000000        0x0 C:/Program Files (x86)/Atmel/Studio/7.0/Packs/atmel/ATmega_DFP/1.7.374/gcc/dev/atmega32/avr5/crtatmega32.o
 .bss           0x00000000        0x0 C:/Program Files (x86)/Atmel/Studio/7.0/Packs/atmel/ATmega_DFP/1.7.374/gcc/dev/atmega32/avr5/crtatmega32.o
 .group         0x00000000        0x8 APP/IC_Tester.o
 .group         0x00000000        0x8 APP/IC_Tester.o
 .group         0x00000000        0x8 APP/IC_Tester.o
 .group         0x00000000        0x8 APP/IC_Tester.o
 .group         0x00000000        0x8 APP/IC_Tester.o
 .group         0x00000000        0x8 APP/IC_Tester.o
 .group         0x00000000        0x8 APP/IC_Tester.o
 .group         0x00000000        0x8 APP/IC_Tester.o
 .text          0x00000000        0x0 APP/IC_Tester.o
 .data          0x00000000        0x0 APP/IC_Tester.o
 .bss           0x00000000        0x0 APP/IC_Tester.o
 .group         0x00000000        0x8 HAL/LCD/LCD.o
 .group         0x00000000        0x8 HAL/LCD/LCD.o
 .group         0x00000000        0x8 HAL/LCD/LCD.o
 .group         0x00000000        0x8 HAL/LCD/LCD.o
 .group         0x00000000        0x8 HAL/LCD/LCD.o
 .group         0x00000000        0x8 HAL/LCD/LCD.o
 .group         0x00000000        0x8 HAL/LCD/LCD.o
 .group         0x00000000        0x8 HAL/LCD/LCD.o
 .group         0x00000000        0x8 HAL/LCD/LCD.o
 .group         0x00000000        0x8 HAL/LCD/LCD.o
 .group         0x00000000        0x8 HAL/LCD/LCD.o
 .text          0x00000000        0x0 HAL/LCD/LCD.o
 .data          0x00000000        0x0 HAL/LCD/LCD.o
 .bss           0x00000000        0x0 HAL/LCD/LCD.o
 .text.LCD_WRITE_CHAR
                0x00000000        0x6 HAL/LCD/LCD.o
 .text.LCD_WRITE_NUM
                0x00000000       0xc2 HAL/LCD/LCD.o
 .text.LCD_WRITE_BINARY
                0x00000000       0x66 HAL/LCD/LCD.o
 .text.LCD_WRITE_HEX
                0x00000000       0x6e HAL/LCD/LCD.o
 .text.LCD_REMOVE_CHAR
                0x00000000       0x14 HAL/LCD/LCD.o
 .text.LCD_DRAW
                0x00000000       0x3c HAL/LCD/LCD.o
 .text.LCD_MOVING_STRING
                0x00000000      0x13a HAL/LCD/LCD.o
 .debug_macro   0x00000000      0xa4e HAL/LCD/LCD.o
 .debug_macro   0x00000000       0x58 HAL/LCD/LCD.o
 .debug_macro   0x00000000       0x28 HAL/LCD/LCD.o
 .debug_macro   0x00000000       0x10 HAL/LCD/LCD.o
 .debug_macro   0x00000000      0x1c9 HAL/LCD/LCD.o
 .debug_macro   0x00000000      0x2fc HAL/LCD/LCD.o
 .group         0x00000000        0x8 main.o
 .group         0x00000000        0x8 main.o
 .group         0x00000000        0x8 main.o
 .group         0x00000000        0x8 main.o
 .group         0x00000000        0x8 main.o
 .group         0x00000000        0x8 main.o
 .group         0x00000000        0x8 main.o
 .group         0x00000000        0x8 main.o
 .group         0x00000000        0x8 main.o
 .text          0x00000000        0x0 main.o
 .data          0x00000000        0x0 main.o
 .bss           0x00000000        0x0 main.o
 .debug_macro   0x00000000      0xa4e main.o
 .debug_macro   0x00000000       0x58 main.o
 .debug_macro   0x00000000       0x28 main.o
 .debug_macro   0x00000000       0x8e main.o
 .debug_macro   0x00000000       0x10 main.o
 .debug_macro   0x00000000      0x1c9 main.o
 .debug_macro   0x00000000      0x2fc main.o
 .debug_macro   0x00000000      0x166 main.o
 .group         0x00000000        0x8 MCAL/DIO/DIO.o
 .group         0x00000000        0x8 MCAL/DIO/DIO.o
 .group         0x00000000        0x8 MCAL/DIO/DIO.o
 .group         0x00000000        0x8 MCAL/DIO/DIO.o
 .text          0x00000000        0x0 MCAL/DIO/DIO.o
 .data          0x00000000        0x0 MCAL/DIO/DIO.o
 .bss           0x00000000        0x0 MCAL/DIO/DIO.o
 .text.DIO_WritePort
                0x00000000       0x20 MCAL/DIO/DIO.o
 .text.DIO_ReadPort
                0x00000000       0x24 MCAL/DIO/DIO.o
 .text.DIO_TogglePin
                0x00000000       0x82 MCAL/DIO/DIO.o
 .debug_macro   0x00000000      0xa4e MCAL/DIO/DIO.o
 .debug_macro   0x00000000       0x58 MCAL/DIO/DIO.o
 .debug_macro   0x00000000       0x28 MCAL/DIO/DIO.o
 .debug_macro   0x00000000      0x2c0 MCAL/DIO/DIO.o
 .group         0x00000000        0x8 MCAL/DIO/DIO_cfg.o
 .group         0x00000000        0x8 MCAL/DIO/DIO_cfg.o
 .text          0x00000000        0x0 MCAL/DIO/DIO_cfg.o
 .data          0x00000000        0x0 MCAL/DIO/DIO_cfg.o
 .bss           0x00000000        0x0 MCAL/DIO/DIO_cfg.o
 .debug_macro   0x00000000      0xa4e MCAL/DIO/DIO_cfg.o
 .debug_macro   0x00000000       0x58 MCAL/DIO/DIO_cfg.o
 .group         0x00000000        0x8 MCAL/INTERRUPT/Interrupt.o
 .group         0x00000000        0x8 MCAL/INTERRUPT/Interrupt.o
 .group         0x00000000        0x8 MCAL/INTERRUPT/Interrupt.o
 .group         0x00000000        0x8 MCAL/INTERRUPT/Interrupt.o
 .group         0x00000000        0x8 MCAL/INTERRUPT/Interrupt.o
 .text          0x00000000        0x0 MCAL/INTERRUPT/Interrupt.o
 .data          0x00000000        0x0 MCAL/INTERRUPT/Interrupt.o
 .bss           0x00000000        0x0 MCAL/INTERRUPT/Interrupt.o
 .text.EXI_CONTROL
                0x00000000       0x5c MCAL/INTERRUPT/Interrupt.o
 .text.EXI_INIT
                0x00000000       0x2e MCAL/INTERRUPT/Interrupt.o
 .text.EXI_TRIG_EDGE
                0x00000000       0x74 MCAL/INTERRUPT/Interrupt.o
 .text.EXI_CALLBACK
                0x00000000       0x2c MCAL/INTERRUPT/Interrupt.o
 .debug_macro   0x00000000      0xa4e MCAL/INTERRUPT/Interrupt.o
 .debug_macro   0x00000000       0x28 MCAL/INTERRUPT/Interrupt.o
 .debug_macro   0x00000000      0x2c0 MCAL/INTERRUPT/Interrupt.o
 .debug_macro   0x00000000       0x58 MCAL/INTERRUPT/Interrupt.o
 .group         0x00000000        0x8 MCAL/UART/UART.o
 .group         0x00000000        0x8 MCAL/UART/UART.o
 .group         0x00000000        0x8 MCAL/UART/UART.o
 .group         0x00000000        0x8 MCAL/UART/UART.o
 .group         0x00000000        0x8 MCAL/UART/UART.o
 .group         0x00000000        0x8 MCAL/UART/UART.o
 .group         0x00000000        0x8 MCAL/UART/UART.o
 .group         0x00000000        0x8 MCAL/UART/UART.o
 .group         0x00000000        0x8 MCAL/UART/UART.o
 .group         0x00000000        0x8 MCAL/UART/UART.o
 .text          0x00000000        0x0 MCAL/UART/UART.o
 .data          0x00000000        0x0 MCAL/UART/UART.o
 .bss           0x00000000        0x0 MCAL/UART/UART.o
 .text.RXC_FUNC
                0x00000000        0xe MCAL/UART/UART.o
 .text.UART_SEND_DATA
                0x00000000        0x8 MCAL/UART/UART.o
 .text.UART_SEND_STRING
                0x00000000       0x20 MCAL/UART/UART.o
 .text.UART_RECEIVE_DATA_BW
                0x00000000        0x8 MCAL/UART/UART.o
 .text.UART_RECEIVE_DATA_PC
                0x00000000       0x12 MCAL/UART/UART.o
 .text.UART_RECEIVE_DATA
                0x00000000       0x16 MCAL/UART/UART.o
 .text.UART_TX_ENABLE
                0x00000000        0x8 MCAL/UART/UART.o
 .text.UART_TX_DISABLE
                0x00000000        0x8 MCAL/UART/UART.o
 .text.UART_RX_ENABLE
                0x00000000        0x8 MCAL/UART/UART.o
 .text.UART_RX_DISABLE
                0x00000000        0x8 MCAL/UART/UART.o
 .text.UART_RXCI_ENABLE
                0x00000000        0x8 MCAL/UART/UART.o
 .text.UART_RXCI_DISABLE
                0x00000000        0x8 MCAL/UART/UART.o
 .text.UART_TXCI_ENABLE
                0x00000000        0x8 MCAL/UART/UART.o
 .text.UART_TXCI_DISABLE
                0x00000000        0x8 MCAL/UART/UART.o
 .text.UART_DEI_ENABLE
                0x00000000        0x8 MCAL/UART/UART.o
 .text.UART_DEI_DISABLE
                0x00000000        0x8 MCAL/UART/UART.o
 .text.UART_RXC_CALL_BACK
                0x00000000        0xe MCAL/UART/UART.o
 .text.UART_INIT
                0x00000000      0x134 MCAL/UART/UART.o
 .text.UART_TXC_CALL_BACK
                0x00000000        0xe MCAL/UART/UART.o
 .text.UART_DE_CALL_BACK
                0x00000000        0xe MCAL/UART/UART.o
 .rodata.baud_rate
                0x00000000       0x1c MCAL/UART/UART.o
 .bss.Flag_Data
                0x00000000        0x1 MCAL/UART/UART.o
 .bss.Data      0x00000000        0x1 MCAL/UART/UART.o
 .debug_macro   0x00000000      0xa4e MCAL/UART/UART.o
 .debug_macro   0x00000000      0x2c0 MCAL/UART/UART.o
 .debug_macro   0x00000000       0x28 MCAL/UART/UART.o
 .debug_macro   0x00000000       0x58 MCAL/UART/UART.o
 .debug_macro   0x00000000       0x10 MCAL/UART/UART.o
 .debug_macro   0x00000000      0x1c9 MCAL/UART/UART.o
 .debug_macro   0x00000000      0x2fc MCAL/UART/UART.o
 .debug_macro   0x00000000      0x166 MCAL/UART/UART.o
 .group         0x00000000        0x8 MCAL/UART/UART_Cfg.o
 .group         0x00000000        0x8 MCAL/UART/UART_Cfg.o
 .group         0x00000000        0x8 MCAL/UART/UART_Cfg.o
 .group         0x00000000        0x8 MCAL/UART/UART_Cfg.o
 .text          0x00000000        0x0 MCAL/UART/UART_Cfg.o
 .data          0x00000000        0x0 MCAL/UART/UART_Cfg.o
 .bss           0x00000000        0x0 MCAL/UART/UART_Cfg.o
 .data.config   0x00000000        0x5 MCAL/UART/UART_Cfg.o
 .debug_info    0x00000000      0x1a9 MCAL/UART/UART_Cfg.o
 .debug_abbrev  0x00000000       0x7b MCAL/UART/UART_Cfg.o
 .debug_aranges
                0x00000000       0x18 MCAL/UART/UART_Cfg.o
 .debug_macro   0x00000000       0x32 MCAL/UART/UART_Cfg.o
 .debug_macro   0x00000000      0xa4e MCAL/UART/UART_Cfg.o
 .debug_macro   0x00000000       0x58 MCAL/UART/UART_Cfg.o
 .debug_macro   0x00000000       0x9a MCAL/UART/UART_Cfg.o
 .debug_macro   0x00000000       0x46 MCAL/UART/UART_Cfg.o
 .debug_line    0x00000000       0x68 MCAL/UART/UART_Cfg.o
 .debug_str     0x00000000     0x2f77 MCAL/UART/UART_Cfg.o
 .comment       0x00000000       0x31 MCAL/UART/UART_Cfg.o
 .text          0x00000000        0x0 c:/program files (x86)/atmel/studio/7.0/toolchain/avr8/avr8-gnu-toolchain/bin/../lib/gcc/avr/5.4.0/avr5\libgcc.a(_divmodsi4.o)
 .data          0x00000000        0x0 c:/program files (x86)/atmel/studio/7.0/toolchain/avr8/avr8-gnu-toolchain/bin/../lib/gcc/avr/5.4.0/avr5\libgcc.a(_divmodsi4.o)
 .bss           0x00000000        0x0 c:/program files (x86)/atmel/studio/7.0/toolchain/avr8/avr8-gnu-toolchain/bin/../lib/gcc/avr/5.4.0/avr5\libgcc.a(_divmodsi4.o)
 .text.libgcc.mul
                0x00000000        0x0 c:/program files (x86)/atmel/studio/7.0/toolchain/avr8/avr8-gnu-toolchain/bin/../lib/gcc/avr/5.4.0/avr5\libgcc.a(_divmodsi4.o)
 .text.libgcc.div
                0x00000000       0x2e c:/program files (x86)/atmel/studio/7.0/toolchain/avr8/avr8-gnu-toolchain/bin/../lib/gcc/avr/5.4.0/avr5\libgcc.a(_divmodsi4.o)
 .text.libgcc   0x00000000        0x0 c:/program files (x86)/atmel/studio/7.0/toolchain/avr8/avr8-gnu-toolchain/bin/../lib/gcc/avr/5.4.0/avr5\libgcc.a(_divmodsi4.o)
 .text.libgcc.prologue
                0x00000000        0x0 c:/program files (x86)/atmel/studio/7.0/toolchain/avr8/avr8-gnu-toolchain/bin/../lib/gcc/avr/5.4.0/avr5\libgcc.a(_divmodsi4.o)
 .text.libgcc.builtins
                0x00000000        0x0 c:/program files (x86)/atmel/studio/7.0/toolchain/avr8/avr8-gnu-toolchain/bin/../lib/gcc/avr/5.4.0/avr5\libgcc.a(_divmodsi4.o)
 .text.libgcc.fmul
                0x00000000        0x0 c:/program files (x86)/atmel/studio/7.0/toolchain/avr8/avr8-gnu-toolchain/bin/../lib/gcc/avr/5.4.0/avr5\libgcc.a(_divmodsi4.o)
 .text.libgcc.fixed
                0x00000000        0x0 c:/program files (x86)/atmel/studio/7.0/toolchain/avr8/avr8-gnu-toolchain/bin/../lib/gcc/avr/5.4.0/avr5\libgcc.a(_divmodsi4.o)
 .text          0x00000000        0x0 c:/program files (x86)/atmel/studio/7.0/toolchain/avr8/avr8-gnu-toolchain/bin/../lib/gcc/avr/5.4.0/avr5\libgcc.a(_negsi2.o)
 .data          0x00000000        0x0 c:/program files (x86)/atmel/studio/7.0/toolchain/avr8/avr8-gnu-toolchain/bin/../lib/gcc/avr/5.4.0/avr5\libgcc.a(_negsi2.o)
 .bss           0x00000000        0x0 c:/program files (x86)/atmel/studio/7.0/toolchain/avr8/avr8-gnu-toolchain/bin/../lib/gcc/avr/5.4.0/avr5\libgcc.a(_negsi2.o)
 .text.libgcc.mul
                0x00000000        0x0 c:/program files (x86)/atmel/studio/7.0/toolchain/avr8/avr8-gnu-toolchain/bin/../lib/gcc/avr/5.4.0/avr5\libgcc.a(_negsi2.o)
 .text.libgcc.div
                0x00000000       0x10 c:/program files (x86)/atmel/studio/7.0/toolchain/avr8/avr8-gnu-toolchain/bin/../lib/gcc/avr/5.4.0/avr5\libgcc.a(_negsi2.o)
 .text.libgcc   0x00000000        0x0 c:/program files (x86)/atmel/studio/7.0/toolchain/avr8/avr8-gnu-toolchain/bin/../lib/gcc/avr/5.4.0/avr5\libgcc.a(_negsi2.o)
 .text.libgcc.prologue
                0x00000000        0x0 c:/program files (x86)/atmel/studio/7.0/toolchain/avr8/avr8-gnu-toolchain/bin/../lib/gcc/avr/5.4.0/avr5\libgcc.a(_negsi2.o)
 .text.libgcc.builtins
                0x00000000        0x0 c:/program files (x86)/atmel/studio/7.0/toolchain/avr8/avr8-gnu-toolchain/bin/../lib/gcc/avr/5.4.0/avr5\libgcc.a(_negsi2.o)
 .text.libgcc.fmul
                0x00000000        0x0 c:/program files (x86)/atmel/studio/7.0/toolchain/avr8/avr8-gnu-toolchain/bin/../lib/gcc/avr/5.4.0/avr5\libgcc.a(_negsi2.o)
 .text.libgcc.fixed
                0x00000000        0x0 c:/program files (x86)/atmel/studio/7.0/toolchain/avr8/avr8-gnu-toolchain/bin/../lib/gcc/avr/5.4.0/avr5\libgcc.a(_negsi2.o)
 .text          0x00000000        0x0 c:/program files (x86)/atmel/studio/7.0/toolchain/avr8/avr8-gnu-toolchain/bin/../lib/gcc/avr/5.4.0/avr5\libgcc.a(_exit.o)
 .data          0x00000000        0x0 c:/program files (x86)/atmel/studio/7.0/toolchain/avr8/avr8-gnu-toolchain/bin/../lib/gcc/avr/5.4.0/avr5\libgcc.a(_exit.o)
 .bss           0x00000000        0x0 c:/program files (x86)/atmel/studio/7.0/toolchain/avr8/avr8-gnu-toolchain/bin/../lib/gcc/avr/5.4.0/avr5\libgcc.a(_exit.o)
 .text.libgcc.mul
                0x00000000        0x0 c:/program files (x86)/atmel/studio/7.0/toolchain/avr8/avr8-gnu-toolchain/bin/../lib/gcc/avr/5.4.0/avr5\libgcc.a(_exit.o)
 .text.libgcc.div
                0x00000000        0x0 c:/program files (x86)/atmel/studio/7.0/toolchain/avr8/avr8-gnu-toolchain/bin/../lib/gcc/avr/5.4.0/avr5\libgcc.a(_exit.o)
 .text.libgcc   0x00000000        0x0 c:/program files (x86)/atmel/studio/7.0/toolchain/avr8/avr8-gnu-toolchain/bin/../lib/gcc/avr/5.4.0/avr5\libgcc.a(_exit.o)
 .text.libgcc.prologue
                0x00000000        0x0 c:/program files (x86)/atmel/studio/7.0/toolchain/avr8/avr8-gnu-toolchain/bin/../lib/gcc/avr/5.4.0/avr5\libgcc.a(_exit.o)
 .text.libgcc.builtins
                0x00000000        0x0 c:/program files (x86)/atmel/studio/7.0/toolchain/avr8/avr8-gnu-toolchain/bin/../lib/gcc/avr/5.4.0/avr5\libgcc.a(_exit.o)
 .text.libgcc.fmul
                0x00000000        0x0 c:/program files (x86)/atmel/studio/7.0/toolchain/avr8/avr8-gnu-toolchain/bin/../lib/gcc/avr/5.4.0/avr5\libgcc.a(_exit.o)
 .text.libgcc.fixed
                0x00000000        0x0 c:/program files (x86)/atmel/studio/7.0/toolchain/avr8/avr8-gnu-toolchain/bin/../lib/gcc/avr/5.4.0/avr5\libgcc.a(_exit.o)
 .text          0x00000000        0x0 c:/program files (x86)/atmel/studio/7.0/toolchain/avr8/avr8-gnu-toolchain/bin/../lib/gcc/avr/5.4.0/avr5\libgcc.a(_copy_data.o)
 .data          0x00000000        0x0 c:/program files (x86)/atmel/studio/7.0/toolchain/avr8/avr8-gnu-toolchain/bin/../lib/gcc/avr/5.4.0/avr5\libgcc.a(_copy_data.o)
 .bss           0x00000000        0x0 c:/program files (x86)/atmel/studio/7.0/toolchain/avr8/avr8-gnu-toolchain/bin/../lib/gcc/avr/5.4.0/avr5\libgcc.a(_copy_data.o)
 .text.libgcc.mul
                0x00000000        0x0 c:/program files (x86)/atmel/studio/7.0/toolchain/avr8/avr8-gnu-toolchain/bin/../lib/gcc/avr/5.4.0/avr5\libgcc.a(_copy_data.o)
 .text.libgcc.div
                0x00000000        0x0 c:/program files (x86)/atmel/studio/7.0/toolchain/avr8/avr8-gnu-toolchain/bin/../lib/gcc/avr/5.4.0/avr5\libgcc.a(_copy_data.o)
 .text.libgcc   0x00000000        0x0 c:/program files (x86)/atmel/studio/7.0/toolchain/avr8/avr8-gnu-toolchain/bin/../lib/gcc/avr/5.4.0/avr5\libgcc.a(_copy_data.o)
 .text.libgcc.prologue
                0x00000000        0x0 c:/program files (x86)/atmel/studio/7.0/toolchain/avr8/avr8-gnu-toolchain/bin/../lib/gcc/avr/5.4.0/avr5\libgcc.a(_copy_data.o)
 .text.libgcc.builtins
                0x00000000        0x0 c:/program files (x86)/atmel/studio/7.0/toolchain/avr8/avr8-gnu-toolchain/bin/../lib/gcc/avr/5.4.0/avr5\libgcc.a(_copy_data.o)
 .text.libgcc.fmul
                0x00000000        0x0 c:/program files (x86)/atmel/studio/7.0/toolchain/avr8/avr8-gnu-toolchain/bin/../lib/gcc/avr/5.4.0/avr5\libgcc.a(_copy_data.o)
 .text.libgcc.fixed
                0x00000000        0x0 c:/program files (x86)/atmel/studio/7.0/toolchain/avr8/avr8-gnu-toolchain/bin/../lib/gcc/avr/5.4.0/avr5\libgcc.a(_copy_data.o)
 .text          0x00000000        0x0 c:/program files (x86)/atmel/studio/7.0/toolchain/avr8/avr8-gnu-toolchain/bin/../lib/gcc/avr/5.4.0/avr5\libgcc.a(_clear_bss.o)
 .data          0x00000000        0x0 c:/program files (x86)/atmel/studio/7.0/toolchain/avr8/avr8-gnu-toolchain/bin/../lib/gcc/avr/5.4.0/avr5\libgcc.a(_clear_bss.o)
 .bss           0x00000000        0x0 c:/program files (x86)/atmel/studio/7.0/toolchain/avr8/avr8-gnu-toolchain/bin/../lib/gcc/avr/5.4.0/avr5\libgcc.a(_clear_bss.o)
 .text.libgcc.mul
                0x00000000        0x0 c:/program files (x86)/atmel/studio/7.0/toolchain/avr8/avr8-gnu-toolchain/bin/../lib/gcc/avr/5.4.0/avr5\libgcc.a(_clear_bss.o)
 .text.libgcc.div
                0x00000000        0x0 c:/program files (x86)/atmel/studio/7.0/toolchain/avr8/avr8-gnu-toolchain/bin/../lib/gcc/avr/5.4.0/avr5\libgcc.a(_clear_bss.o)
 .text.libgcc   0x00000000        0x0 c:/program files (x86)/atmel/studio/7.0/toolchain/avr8/avr8-gnu-toolchain/bin/../lib/gcc/avr/5.4.0/avr5\libgcc.a(_clear_bss.o)
 .text.libgcc.prologue
                0x00000000        0x0 c:/program files (x86)/atmel/studio/7.0/toolchain/avr8/avr8-gnu-toolchain/bin/../lib/gcc/avr/5.4.0/avr5\libgcc.a(_clear_bss.o)
 .text.libgcc.builtins
                0x00000000        0x0 c:/program files (x86)/atmel/studio/7.0/toolchain/avr8/avr8-gnu-toolchain/bin/../lib/gcc/avr/5.4.0/avr5\libgcc.a(_clear_bss.o)
 .text.libgcc.fmul
                0x00000000        0x0 c:/program files (x86)/atmel/studio/7.0/toolchain/avr8/avr8-gnu-toolchain/bin/../lib/gcc/avr/5.4.0/avr5\libgcc.a(_clear_bss.o)
 .text.libgcc.fixed
                0x00000000        0x0 c:/program files (x86)/atmel/studio/7.0/toolchain/avr8/avr8-gnu-toolchain/bin/../lib/gcc/avr/5.4.0/avr5\libgcc.a(_clear_bss.o)
 .text          0x00000000        0x0 c:/program files (x86)/atmel/studio/7.0/toolchain/avr8/avr8-gnu-toolchain/bin/../lib/gcc/avr/5.4.0/avr5\libgcc.a(_udivmodsi4.o)
 .data          0x00000000        0x0 c:/program files (x86)/atmel/studio/7.0/toolchain/avr8/avr8-gnu-toolchain/bin/../lib/gcc/avr/5.4.0/avr5\libgcc.a(_udivmodsi4.o)
 .bss           0x00000000        0x0 c:/program files (x86)/atmel/studio/7.0/toolchain/avr8/avr8-gnu-toolchain/bin/../lib/gcc/avr/5.4.0/avr5\libgcc.a(_udivmodsi4.o)
 .text.libgcc.mul
                0x00000000        0x0 c:/program files (x86)/atmel/studio/7.0/toolchain/avr8/avr8-gnu-toolchain/bin/../lib/gcc/avr/5.4.0/avr5\libgcc.a(_udivmodsi4.o)
 .text.libgcc.div
                0x00000000       0x44 c:/program files (x86)/atmel/studio/7.0/toolchain/avr8/avr8-gnu-toolchain/bin/../lib/gcc/avr/5.4.0/avr5\libgcc.a(_udivmodsi4.o)
 .text.libgcc   0x00000000        0x0 c:/program files (x86)/atmel/studio/7.0/toolchain/avr8/avr8-gnu-toolchain/bin/../lib/gcc/avr/5.4.0/avr5\libgcc.a(_udivmodsi4.o)
 .text.libgcc.prologue
                0x00000000        0x0 c:/program files (x86)/atmel/studio/7.0/toolchain/avr8/avr8-gnu-toolchain/bin/../lib/gcc/avr/5.4.0/avr5\libgcc.a(_udivmodsi4.o)
 .text.libgcc.builtins
                0x00000000        0x0 c:/program files (x86)/atmel/studio/7.0/toolchain/avr8/avr8-gnu-toolchain/bin/../lib/gcc/avr/5.4.0/avr5\libgcc.a(_udivmodsi4.o)
 .text.libgcc.fmul
                0x00000000        0x0 c:/program files (x86)/atmel/studio/7.0/toolchain/avr8/avr8-gnu-toolchain/bin/../lib/gcc/avr/5.4.0/avr5\libgcc.a(_udivmodsi4.o)
 .text.libgcc.fixed
                0x00000000        0x0 c:/program files (x86)/atmel/studio/7.0/toolchain/avr8/avr8-gnu-toolchain/bin/../lib/gcc/avr/5.4.0/avr5\libgcc.a(_udivmodsi4.o)

Memory Configuration

Name             Origin             Length             Attributes
text             0x00000000         0x00008000         xr
data             0x00800060         0x00000800         rw !x
eeprom           0x00810000         0x00000400         rw !x
fuse             0x00820000         0x00000002         rw !x
lock             0x00830000         0x00000400         rw !x
signature        0x00840000         0x00000400         rw !x
user_signatures  0x00850000         0x00000400         rw !x
*default*        0x00000000         0xffffffff

Linker script and memory map

LOAD C:/Program Files (x86)/Atmel/Studio/7.0/Packs/atmel/ATmega_DFP/1.7.374/gcc/dev/atmega32/avr5/crtatmega32.o
LOAD APP/IC_Tester.o
LOAD HAL/LCD/LCD.o
LOAD main.o
LOAD MCAL/DIO/DIO.o
LOAD MCAL/DIO/DIO_cfg.o
LOAD MCAL/INTERRUPT/Interrupt.o
LOAD MCAL/UART/UART.o
LOAD MCAL/UART/UART_Cfg.o
START GROUP
LOAD c:/program files (x86)/atmel/studio/7.0/toolchain/avr8/avr8-gnu-toolchain/bin/../lib/gcc/avr/5.4.0/../../../../avr/lib/avr5\libm.a
END GROUP
START GROUP
LOAD c:/program files (x86)/atmel/studio/7.0/toolchain/avr8/avr8-gnu-toolchain/bin/../lib/gcc/avr/5.4.0/avr5\libgcc.a
LOAD c:/program files (x86)/atmel/studio/7.0/toolchain/avr8/avr8-gnu-toolchain/bin/../lib/gcc/avr/5.4.0/../../../../avr/lib/avr5\libm.a
LOAD c:/program files (x86)/atmel/studio/7.0/toolchain/avr8/avr8-gnu-toolchain/bin/../lib/gcc/avr/5.4.0/../../../../avr/lib/avr5\libc.a
LOAD C:/Program Files (x86)/Atmel/Studio/7.0/Packs/atmel/ATmega_DFP/1.7.374/gcc/dev/atmega32/avr5\libatmega32.a
END GROUP
                0x00000000                __TEXT_REGION_ORIGIN__ = DEFINED (__TEXT_REGION_ORIGIN__)?__TEXT_REGION_ORIGIN__:0x0
                [0x00800060]                __DATA_REGION_ORIGIN__ = DEFINED (__DATA_REGION_ORIGIN__)?__DATA_REGION_ORIGIN__:0x800060
                [0x00008000]                __TEXT_REGION_LENGTH__ = DEFINED (__TEXT_REGION_LENGTH__)?__TEXT_REGION_LENGTH__:0x20000
                [0x00000800]                __DATA_REGION_LENGTH__ = DEFINED (__DATA_REGION_LENGTH__)?__DATA_REGION_LENGTH__:0xffa0
                [0x00000400]                __EEPROM_REGION_LENGTH__ = DEFINED (__EEPROM_REGION_LENGTH__)?__EEPROM_REGION_LENGTH__:0x10000
                [0x00000002]                __FUSE_REGION_LENGTH__ = DEFINED (__FUSE_REGION_LENGTH__)?__FUSE_REGION_LENGTH__:0x400
                0x00000400                __LOCK_REGION_LENGTH__ = DEFINED (__LOCK_REGION_LENGTH__)?__LOCK_REGION_LENGTH__:0x400
                0x00000400                __SIGNATURE_REGION_LENGTH__ = DEFINED (__SIGNATURE_REGION_LENGTH__)?__SIGNATURE_REGION_LENGTH__:0x400
                0x00000400                __USER_SIGNATURE_REGION_LENGTH__ = DEFINED (__USER_SIGNATURE_REGION_LENGTH__)?__USER_SIGNATURE_REGION_LENGTH__:0x400

.hash
 *(.hash)

.dynsym
 *(.dynsym)

.dynstr
 *(.dynstr)

.gnu.version
 *(.gnu.version)

.gnu.version_d
 *(.gnu.version_d)

.gnu.version_r
 *(.gnu.version_r)

.rel.init
 *(.rel.init)

.rela.init
 *(.rela.init)

.rel.text
 *(.rel.text)
 *(.rel.text.*)
 *(.rel.gnu.linkonce.t*)

.rela.text
 *(.rela.text)
 *(.rela.text.*)
 *(.rela.gnu.linkonce.t*)

.rel.fini
 *(.rel.fini)

.rela.fini
 *(.rela.fini)

.rel.rodata
 *(.rel.rodata)
 *(.rel.rodata.*)
 *(.rel.gnu.linkonce.r*)

.rela.rodata
 *(.rela.rodata)
 *(.rela.rodata.*)
 *(.rela.gnu.linkonce.r*)

.rel.data
 *(.rel.data)
 *(.rel.data.*)
 *(.rel.gnu.linkonce.d*)

.rela.data
 *(.rela.data)
 *(.rela.data.*)
 *(.rela.gnu.linkonce.d*)

.rel.ctors
 *(.rel.ctors)

.rela.ctors
 *(.rela.ctors)

.rel.dtors
 *(.rel.dtors)

.rela.dtors
 *(.rela.dtors)

.rel.got
 *(.rel.got)

.rela.got
 *(.rela.got)

.rel.bss
 *(.rel.bss)

.rela.bss
 *(.rela.bss)

.rel.plt
 *(.rel.plt)

.rela.plt
 *(.rela.plt)

.text           0x00000000      0xb3c
 *(.vectors)
 .vectors       0x00000000       0x54 C:/Program Files (x86)/Atmel/Studio/7.0/Packs/atmel/ATmega_DFP/1.7.374/gcc/dev/atmega32/avr5/crtatmega32.o
                0x00000000                __vector_default
                0x00000000                __vectors
 *(.vectors)
 *(.progmem.gcc*)
                0x00000054                . = ALIGN (0x2)
                0x00000054                __trampolines_start = .
 *(.trampolines)
 .trampolines   0x00000054        0x0 linker stubs
 *(.trampolines*)
                0x00000054                __trampolines_end = .
 *libprintf_flt.a:*(.progmem.data)
 *libc.a:*(.progmem.data)
 *(.progmem*)
                0x00000054                . = ALIGN (0x2)
 *(.jumptables)
 *(.jumptables*)
 *(.lowtext)
 *(.lowtext*)
                0x00000054                __ctors_start = .
 *(.ctors)
                0x00000054                __ctors_end = .
                0x00000054                __dtors_start = .
 *(.dtors)
                0x00000054                __dtors_end = .
 SORT(*)(.ctors)
 SORT(*)(.dtors)
 *(.init0)
 .init0         0x00000054        0x0 C:/Program Files (x86)/Atmel/Studio/7.0/Packs/atmel/ATmega_DFP/1.7.374/gcc/dev/atmega32/avr5/crtatmega32.o
                0x00000054                __init
 *(.init0)
 *(.init1)
 *(.init1)
 *(.init2)
 .init2         0x00000054        0xc C:/Program Files (x86)/Atmel/Studio/7.0/Packs/atmel/ATmega_DFP/1.7.374/gcc/dev/atmega32/avr5/crtatmega32.o
 *(.init2)
 *(.init3)
 *(.init3)
 *(.init4)
 .init4         0x00000060       0x16 c:/program files (x86)/atmel/studio/7.0/toolchain/avr8/avr8-gnu-toolchain/bin/../lib/gcc/avr/5.4.0/avr5\libgcc.a(_copy_data.o)
                0x00000060                __do_copy_data
 .init4         0x00000076       0x10 c:/program files (x86)/atmel/studio/7.0/toolchain/avr8/avr8-gnu-toolchain/bin/../lib/gcc/avr/5.4.0/avr5\libgcc.a(_clear_bss.o)
                0x00000076                __do_clear_bss
 *(.init4)
 *(.init5)
 *(.init5)
 *(.init6)
 *(.init6)
 *(.init7)
 *(.init7)
 *(.init8)
 *(.init8)
 *(.init9)
 .init9         0x00000086        0x8 C:/Program Files (x86)/Atmel/Studio/7.0/Packs/atmel/ATmega_DFP/1.7.374/gcc/dev/atmega32/avr5/crtatmega32.o
 *(.init9)
 *(.text)
 .text          0x0000008e        0x4 C:/Program Files (x86)/Atmel/Studio/7.0/Packs/atmel/ATmega_DFP/1.7.374/gcc/dev/atmega32/avr5/crtatmega32.o
                0x0000008e                __vector_12
                0x0000008e                __bad_interrupt
                0x0000008e                __vector_6
                0x0000008e                __vector_11
                0x0000008e                __vector_17
                0x0000008e                __vector_19
                0x0000008e                __vector_7
                0x0000008e                __vector_5
                0x0000008e                __vector_4
                0x0000008e                __vector_9
                0x0000008e                __vector_8
                0x0000008e                __vector_10
                0x0000008e                __vector_16
                0x0000008e                __vector_18
                0x0000008e                __vector_20
                0x00000092                . = ALIGN (0x2)
 *(.text.*)
 .text.pins_low
                0x00000092       0x46 APP/IC_Tester.o
 .text.init_ic_pins
                0x000000d8       0x68 APP/IC_Tester.o
 .text.test_ic  0x00000140      0x1fc APP/IC_Tester.o
                0x00000140                test_ic
 .text.write_instruction
                0x0000033c       0xc0 HAL/LCD/LCD.o
 .text.write_data
                0x000003fc       0xc0 HAL/LCD/LCD.o
 .text.LCD_INIT
                0x000004bc       0x3e HAL/LCD/LCD.o
                0x000004bc                LCD_INIT
 .text.LCD_CLR  0x000004fa       0x14 HAL/LCD/LCD.o
                0x000004fa                LCD_CLR
 .text.LCD_WRITE_STRING
                0x0000050e       0x26 HAL/LCD/LCD.o
                0x0000050e                LCD_WRITE_STRING
 .text.LCD_SET_CURSOR
                0x00000534       0x2a HAL/LCD/LCD.o
                0x00000534                LCD_SET_CURSOR
 .text.main     0x0000055e       0x8e main.o
                0x0000055e                main
 .text.DIO_InitPin
                0x000005ec      0x1b6 MCAL/DIO/DIO.o
                0x000005ec                DIO_InitPin
 .text.DIO_INIT
                0x000007a2       0x20 MCAL/DIO/DIO.o
                0x000007a2                DIO_INIT
 .text.DIO_WritePin
                0x000007c2      0x11a MCAL/DIO/DIO.o
                0x000007c2                DIO_WritePin
 .text.DIO_ReadPin
                0x000008dc       0x70 MCAL/DIO/DIO.o
                0x000008dc                DIO_ReadPin
 .text.__vector_1
                0x0000094c       0x52 MCAL/INTERRUPT/Interrupt.o
                0x0000094c                __vector_1
 .text.__vector_2
                0x0000099e       0x52 MCAL/INTERRUPT/Interrupt.o
                0x0000099e                __vector_2
 .text.__vector_3
                0x000009f0       0x52 MCAL/INTERRUPT/Interrupt.o
                0x000009f0                __vector_3
 .text.__vector_13
                0x00000a42       0x52 MCAL/UART/UART.o
                0x00000a42                __vector_13
 .text.__vector_15
                0x00000a94       0x52 MCAL/UART/UART.o
                0x00000a94                __vector_15
 .text.__vector_14
                0x00000ae6       0x52 MCAL/UART/UART.o
                0x00000ae6                __vector_14
                0x00000b38                . = ALIGN (0x2)
 *(.fini9)
 .fini9         0x00000b38        0x0 c:/program files (x86)/atmel/studio/7.0/toolchain/avr8/avr8-gnu-toolchain/bin/../lib/gcc/avr/5.4.0/avr5\libgcc.a(_exit.o)
                0x00000b38                _exit
                0x00000b38                exit
 *(.fini9)
 *(.fini8)
 *(.fini8)
 *(.fini7)
 *(.fini7)
 *(.fini6)
 *(.fini6)
 *(.fini5)
 *(.fini5)
 *(.fini4)
 *(.fini4)
 *(.fini3)
 *(.fini3)
 *(.fini2)
 *(.fini2)
 *(.fini1)
 *(.fini1)
 *(.fini0)
 .fini0         0x00000b38        0x4 c:/program files (x86)/atmel/studio/7.0/toolchain/avr8/avr8-gnu-toolchain/bin/../lib/gcc/avr/5.4.0/avr5\libgcc.a(_exit.o)
 *(.fini0)
                0x00000b3c                _etext = .

.data           0x00800060      0x330 load address 0x00000b3c
                0x00800060                PROVIDE (__data_start, .)
 *(.data)
 *(.data*)
 *(.gnu.linkonce.d*)
 *(.rodata)
 *(.rodata*)
 .rodata.str1.1
                0x00800060       0x36 APP/IC_Tester.o
 .rodata.ic_metadata
                0x00800096      0x2a0 APP/IC_Tester.o
                0x00800096                ic_metadata
 .rodata.str1.1
                0x00800336       0x39 main.o
 .rodata.Pin_Statues
                0x0080036f       0x20 MCAL/DIO/DIO_cfg.o
                0x0080036f                Pin_Statues
 *(.gnu.linkonce.r*)
                0x00800390                . = ALIGN (0x2)
 *fill*         0x0080038f        0x1 
                0x00800390                _edata = .
                0x00800390                PROVIDE (__data_end, .)

.bss            0x00800390        0xf
                0x00800390                PROVIDE (__bss_start, .)
 *(.bss)
 *(.bss*)
 .bss.ptr_INT2  0x00800390        0x2 MCAL/INTERRUPT/Interrupt.o
 .bss.ptr_INT1  0x00800392        0x2 MCAL/INTERRUPT/Interrupt.o
 .bss.ptr_INT0  0x00800394        0x2 MCAL/INTERRUPT/Interrupt.o
 .bss.DE_VAR    0x00800396        0x2 MCAL/UART/UART.o
                0x00800396                DE_VAR
 .bss.TXC_VAR   0x00800398        0x2 MCAL/UART/UART.o
                0x00800398                TXC_VAR
 .bss.RXC_VAR   0x0080039a        0x2 MCAL/UART/UART.o
                0x0080039a                RXC_VAR
 *(COMMON)
 COMMON         0x0080039c        0x3 main.o
                0x0080039c                s
                0x0080039e                bt_flag
                0x0080039f                PROVIDE (__bss_end, .)
                0x00000b3c                __data_load_start = LOADADDR (.data)
                0x00000e6c                __data_load_end = (__data_load_start + SIZEOF (.data))

.noinit         0x0080039f        0x0
                [!provide]                PROVIDE (__noinit_start, .)
 *(.noinit*)
                [!provide]                PROVIDE (__noinit_end, .)
                0x0080039f                _end = .
                [!provide]                PROVIDE (__heap_start, .)

.eeprom         0x00810000        0x0
 *(.eeprom*)
                0x00810000                __eeprom_end = .

.fuse
 *(.fuse)
 *(.lfuse)
 *(.hfuse)
 *(.efuse)

.lock
 *(.lock*)

.signature
 *(.signature*)

.user_signatures
 *(.user_signatures*)

.stab
 *(.stab)

.stabstr
 *(.stabstr)

.stab.excl
 *(.stab.excl)

.stab.exclstr
 *(.stab.exclstr)

.stab.index
 *(.stab.index)

.stab.indexstr
 *(.stab.indexstr)

.comment        0x00000000       0x30
 *(.comment)
 .comment       0x00000000       0x30 APP/IC_Tester.o
                                 0x31 (size before relaxing)
 .comment       0x00000030       0x31 HAL/LCD/LCD.o
 .comment       0x00000030       0x31 main.o
 .comment       0x00000030       0x31 MCAL/DIO/DIO.o
 .comment       0x00000030       0x31 MCAL/DIO/DIO_cfg.o
 .comment       0x00000030       0x31 MCAL/INTERRUPT/Interrupt.o
 .comment       0x00000030       0x31 MCAL/UART/UART.o

.note.gnu.avr.deviceinfo
                0x00000000       0x3c
 .note.gnu.avr.deviceinfo
                0x00000000       0x3c C:/Program Files (x86)/Atmel/Studio/7.0/Packs/atmel/ATmega_DFP/1.7.374/gcc/dev/atmega32/avr5/crtatmega32.o

.note.gnu.build-id
 *(.note.gnu.build-id)

.debug
 *(.debug)

.line
 *(.line)

.debug_srcinfo
 *(.debug_srcinfo)

.debug_sfnames
 *(.debug_sfnames)

.debug_aranges  0x00000000      0x258
 *(.debug_aranges)
 .debug_aranges
                0x00000000       0x30 APP/IC_Tester.o
 .debug_aranges
                0x00000030       0x80 HAL/LCD/LCD.o
 .debug_aranges
                0x000000b0       0x20 main.o
 .debug_aranges
                0x000000d0       0x50 MCAL/DIO/DIO.o
 .debug_aranges
                0x00000120       0x18 MCAL/DIO/DIO_cfg.o
 .debug_aranges
                0x00000138       0x50 MCAL/INTERRUPT/Interrupt.o
 .debug_aranges
                0x00000188       0xd0 MCAL/UART/UART.o

.debug_pubnames
 *(.debug_pubnames)

.debug_info     0x00000000     0x298a
 *(.debug_info .gnu.linkonce.wi.*)
 .debug_info    0x00000000      0x4e6 C:/Program Files (x86)/Atmel/Studio/7.0/Packs/atmel/ATmega_DFP/1.7.374/gcc/dev/atmega32/avr5/crtatmega32.o
 .debug_info    0x000004e6      0x698 APP/IC_Tester.o
 .debug_info    0x00000b7e      0xd0a HAL/LCD/LCD.o
 .debug_info    0x00001888      0x3b6 main.o
 .debug_info    0x00001c3e      0x3ee MCAL/DIO/DIO.o
 .debug_info    0x0000202c      0x183 MCAL/DIO/DIO_cfg.o
 .debug_info    0x000021af      0x264 MCAL/INTERRUPT/Interrupt.o
 .debug_info    0x00002413      0x577 MCAL/UART/UART.o

.debug_abbrev   0x00000000      0xeba
 *(.debug_abbrev)
 .debug_abbrev  0x00000000      0x4a3 C:/Program Files (x86)/Atmel/Studio/7.0/Packs/atmel/ATmega_DFP/1.7.374/gcc/dev/atmega32/avr5/crtatmega32.o
 .debug_abbrev  0x000004a3      0x1f2 APP/IC_Tester.o
 .debug_abbrev  0x00000695      0x1f8 HAL/LCD/LCD.o
 .debug_abbrev  0x0000088d      0x159 main.o
 .debug_abbrev  0x000009e6      0x15e MCAL/DIO/DIO.o
 .debug_abbrev  0x00000b44       0x78 MCAL/DIO/DIO_cfg.o
 .debug_abbrev  0x00000bbc       0xf6 MCAL/INTERRUPT/Interrupt.o
 .debug_abbrev  0x00000cb2      0x208 MCAL/UART/UART.o

.debug_line     0x00000000     0x1a4d
 *(.debug_line .debug_line.* .debug_line_end)
 .debug_line    0x00000000      0x116 C:/Program Files (x86)/Atmel/Studio/7.0/Packs/atmel/ATmega_DFP/1.7.374/gcc/dev/atmega32/avr5/crtatmega32.o
 .debug_line    0x00000116      0x367 APP/IC_Tester.o
 .debug_line    0x0000047d      0x712 HAL/LCD/LCD.o
 .debug_line    0x00000b8f      0x2bc main.o
 .debug_line    0x00000e4b      0x376 MCAL/DIO/DIO.o
 .debug_line    0x000011c1       0x57 MCAL/DIO/DIO_cfg.o
 .debug_line    0x00001218      0x24e MCAL/INTERRUPT/Interrupt.o
 .debug_line    0x00001466      0x5e7 MCAL/UART/UART.o

.debug_frame    0x00000000      0x6e8
 *(.debug_frame)
 .debug_frame   0x00000000       0xb4 APP/IC_Tester.o
 .debug_frame   0x000000b4      0x1cc HAL/LCD/LCD.o
 .debug_frame   0x00000280       0x24 main.o
 .debug_frame   0x000002a4       0x8c MCAL/DIO/DIO.o
 .debug_frame   0x00000330      0x15c MCAL/INTERRUPT/Interrupt.o
 .debug_frame   0x0000048c      0x25c MCAL/UART/UART.o

.debug_str      0x00000000     0x59e1
 *(.debug_str)
 .debug_str     0x00000000      0x196 C:/Program Files (x86)/Atmel/Studio/7.0/Packs/atmel/ATmega_DFP/1.7.374/gcc/dev/atmega32/avr5/crtatmega32.o
 .debug_str     0x00000196     0x41ce APP/IC_Tester.o
                               0x42fa (size before relaxing)
 .debug_str     0x00004364      0x4f3 HAL/LCD/LCD.o
                               0x4450 (size before relaxing)
 .debug_str     0x00004857      0xb3a main.o
                               0x4c8d (size before relaxing)
 .debug_str     0x00005391       0x7d MCAL/DIO/DIO.o
                               0x3a2a (size before relaxing)
 .debug_str     0x0000540e       0x16 MCAL/DIO/DIO_cfg.o
                               0x2daf (size before relaxing)
 .debug_str     0x00005424      0x12f MCAL/INTERRUPT/Interrupt.o
                               0x39b2 (size before relaxing)
 .debug_str     0x00005553      0x48e MCAL/UART/UART.o
                               0x4e26 (size before relaxing)

.debug_loc      0x00000000     0x1e69
 *(.debug_loc)
 .debug_loc     0x00000000      0x391 APP/IC_Tester.o
 .debug_loc     0x00000391      0xb89 HAL/LCD/LCD.o
 .debug_loc     0x00000f1a       0x48 main.o
 .debug_loc     0x00000f62      0x7f9 MCAL/DIO/DIO.o
 .debug_loc     0x0000175b      0x3f0 MCAL/INTERRUPT/Interrupt.o
 .debug_loc     0x00001b4b      0x31e MCAL/UART/UART.o

.debug_macinfo
 *(.debug_macinfo)

.debug_weaknames
 *(.debug_weaknames)

.debug_funcnames
 *(.debug_funcnames)

.debug_typenames
 *(.debug_typenames)

.debug_varnames
 *(.debug_varnames)

.debug_pubtypes
 *(.debug_pubtypes)

.debug_ranges   0x00000000      0x240
 *(.debug_ranges)
 .debug_ranges  0x00000000       0x20 APP/IC_Tester.o
 .debug_ranges  0x00000020       0xd0 HAL/LCD/LCD.o
 .debug_ranges  0x000000f0       0x10 main.o
 .debug_ranges  0x00000100       0x40 MCAL/DIO/DIO.o
 .debug_ranges  0x00000140       0x40 MCAL/INTERRUPT/Interrupt.o
 .debug_ranges  0x00000180       0xc0 MCAL/UART/UART.o

.debug_macro    0x00000000     0x1af9
 *(.debug_macro)
 .debug_macro   0x00000000       0x8c APP/IC_Tester.o
 .debug_macro   0x0000008c      0xa4e APP/IC_Tester.o
 .debug_macro   0x00000ada       0x58 APP/IC_Tester.o
 .debug_macro   0x00000b32       0x28 APP/IC_Tester.o
 .debug_macro   0x00000b5a       0x8e APP/IC_Tester.o
 .debug_macro   0x00000be8       0x10 APP/IC_Tester.o
 .debug_macro   0x00000bf8      0x1c9 APP/IC_Tester.o
 .debug_macro   0x00000dc1      0x2fc APP/IC_Tester.o
 .debug_macro   0x000010bd      0x166 APP/IC_Tester.o
 .debug_macro   0x00001223       0x9b HAL/LCD/LCD.o
 .debug_macro   0x000012be       0x64 HAL/LCD/LCD.o
 .debug_macro   0x00001322       0x16 HAL/LCD/LCD.o
 .debug_macro   0x00001338       0x97 HAL/LCD/LCD.o
 .debug_macro   0x000013cf       0x16 HAL/LCD/LCD.o
 .debug_macro   0x000013e5      0x160 HAL/LCD/LCD.o
 .debug_macro   0x00001545       0xab main.o
 .debug_macro   0x000015f0      0x2c0 main.o
 .debug_macro   0x000018b0       0x40 MCAL/DIO/DIO.o
 .debug_macro   0x000018f0       0x24 MCAL/DIO/DIO_cfg.o
 .debug_macro   0x00001914       0x35 MCAL/INTERRUPT/Interrupt.o
 .debug_macro   0x00001949       0x34 MCAL/INTERRUPT/Interrupt.o
 .debug_macro   0x0000197d       0x9c MCAL/UART/UART.o
 .debug_macro   0x00001a19       0x9a MCAL/UART/UART.o
 .debug_macro   0x00001ab3       0x46 MCAL/UART/UART.o
OUTPUT(GccApplication1.elf elf32-avr)
LOAD linker stubs
